// Jest Snapshot v1, https://goo.gl/fbAQLP

exports[`should render ViewMore1 correctly 1`] = `
<div
  className="text-center hide"
>
  <button
    className="btn btn-primary btn-rounded"
    type="button"
  >
    View more
  </button>
</div>
`;

exports[`should render ViewMore2 correctly 1`] = `
<div
  className="text-center"
>
  <button
    className="btn btn-primary btn-rounded"
    type="button"
  >
    View more
  </button>
</div>
`;
